A
AAAAABB
IMPOSSIBLE
IMPOSSIBLE
IMPOSSIBLE
AAAAAAABBB
IMPOSSIBLE
ABB
IMPOSSIBLE
IMPOSSIBLE
AABBBBBB
IMPOSSIBLE
AAAABBBBBB
IMPOSSIBLE
ABBBBBB
ABBBBBBBB
AABBBBBBBB
BBBBBBB
AAAAABBBBB
AABB
IMPOSSIBLE
AAAAAAABBB
IMPOSSIBLE
AABBBBBBBB
AAAAAABBBB
IMPOSSIBLE
BBBBBB
IMPOSSIBLE
IMPOSSIBLE
ABBBBBBBBB
AAAABBBBBB
AAAAABBBBB
AAAAAAABBB
AABBBBBB
BBBBBBBBBB
ABBBBBB
IMPOSSIBLE
AAAABBBBB
IMPOSSIBLE
AABBBBB
AABBBBB
ABBBBBBB
IMPOSSIBLE
IMPOSSIBLE
AAAABBBBB
IMPOSSIBLE
BBBBBBB
AAAAAAABB
AAABBBBB
IMPOSSIBLE
ABBB
AAAAAABBBB
AAAAABBBBB
AAAAAAAA
AAAAABBBB
AAAAABBB
ABBBBBBBBB
AAAAAABBBB
BBBBBBBBBB
AAAABBBBBB
IMPOSSIBLE
IMPOSSIBLE
AABBBBBBB
IMPOSSIBLE
AAAAABBB
AAAAAABBBB
IMPOSSIBLE
IMPOSSIBLE
AAAAABBB
IMPOSSIBLE
ABBBB
ABBBBBBB
IMPOSSIBLE
ABBBBBBBBB
AABBBBBB
AAAAABBBBB
IMPOSSIBLE
AAAAAAA
ABBBBBBBBB
AAAAABBBB
AAAAAAB
AAAAAA
IMPOSSIBLE
IMPOSSIBLE
ABBBBBB
IMPOSSIBLE
AAAAAABB
BBBB
IMPOSSIBLE
IMPOSSIBLE
AAAAABBBBB
ABBBBBBBBB
IMPOSSIBLE
AAAAAABBBB
ABB
AAABBBBBBB
AAABBBBBBB
BBBBBBBBBB
AAAABBBBB
IMPOSSIBLE
