A
IMPOSSIBLE
AAABBBBBBB
AAABBBBB
BBBBB
AABBBB
AAABBBBBB
AABBBBB
IMPOSSIBLE
AABBBBB
AAABBBBBBB
AAAAAAABB
IMPOSSIBLE
IMPOSSIBLE
IMPOSSIBLE
AAABBBBBBB
BBBBBBB
AAABB
AAAAAABBBB
ABBBBBBBBB
IMPOSSIBLE
IMPOSSIBLE
ABBBBBBBBB
BBBBBBBB
AAAAAAAAB
AAAAABBBBB
AAA
ABBBBBBBBB
IMPOSSIBLE
AAAAAAAAAA
IMPOSSIBLE
IMPOSSIBLE
ABBBBBBB
IMPOSSIBLE
ABBBBBBBB
IMPOSSIBLE
AAAAABBBB
AAABBBBBBB
IMPOSSIBLE
ABBBBBBBBB
AAAAABBBB
IMPOSSIBLE
AABBBBBBBB
IMPOSSIBLE
IMPOSSIBLE
BBBBB
AAAAABBBBB
AABBBBB
IMPOSSIBLE
IMPOSSIBLE
AABBBBBB
AAAAABBBBB
AAAAAAAABB
ABBBB
AABBBBBBBB
AAAABBBBBB
IMPOSSIBLE
AAABBBBBB
AABBBBBB
ABBBBBBB
BBBBBBBBBB
ABBBB
BBBBBBBB
AAABBBBBBB
AAABBBBBBB
AAAAAAABBB
IMPOSSIBLE
IMPOSSIBLE
AABBBBBB
ABBBBBBB
IMPOSSIBLE
AAAAABBBBB
AAAAAAAAB
AAAABBBBB
AAABBBB
BBBBBB
AAAAABBBBB
AAABBBB
AAAAAABBBB
AAAA
AAAAAB
AAAAAABBBB
IMPOSSIBLE
AAAABBBB
BBBBBBBBBB
AAAAABBBBB
AAAA
IMPOSSIBLE
AABBBBBBB
BBBBB
AABBBBBBB
BBBBBBBB
ABBBBBBBBB
AAABBBBBB
ABBBBBBB
ABBBBBBBBB
AAAABBBBB
AAAABBB
AAAAAAB
AABBBBBBBB
